An unexpected error occurred:

Error: Cannot find module '/home/xiang/.openclaw/workspace/veritas-protocol/typechain-types' imported from /home/xiang/.openclaw/workspace/veritas-protocol/test/VeritasClean.test.ts
    at finalizeResolution (node:internal/modules/esm/resolve:274:11)
    at moduleResolve (node:internal/modules/esm/resolve:859:10)
    at defaultResolve (node:internal/modules/esm/resolve:983:11)
    at ModuleLoader.#cachedDefaultResolve (node:internal/modules/esm/loader:731:20)
    at ModuleLoader.#resolveAndMaybeBlockOnLoaderThread (node:internal/modules/esm/loader:767:38)
    at ModuleLoader.resolveSync (node:internal/modules/esm/loader:790:52)
    at ModuleLoader.#cachedResolveSync (node:internal/modules/esm/loader:750:25)
    at ModuleLoader.getModuleJobForRequire (node:internal/modules/esm/loader:459:50)
    at new ModuleJobSync (node:internal/modules/esm/module_job:392:34)
    at ModuleLoader.importSyncForRequire (node:internal/modules/esm/loader:432:11) {
  code: 'ERR_MODULE_NOT_FOUND',
  url: 'file:///home/xiang/.openclaw/workspace/veritas-protocol/typechain-types'
}
